// Jest Snapshot v1, https://goo.gl/fbAQLP

exports[`App should match the snapshot 1`] = `
<main
  className="route-main"
>
  <Connect(Nav) />
  <ResourceType />
  <Switch>
    <Route
      exact={true}
      path="/"
      render={[Function]}
    />
    <Route
      component={[Function]}
      path="/tickets"
    />
    <Route
      component={[Function]}
      path="/resources"
    />
    <Route
      component={
        Object {
          "$$typeof": Symbol(react.memo),
          "WrappedComponent": [Function],
          "compare": null,
          "displayName": "Connect(withRouter(UserLogin))",
          "type": [Function],
        }
      }
      path="/login"
    />
    <Route
      component={[Function]}
      path="/create-user"
    />
    <Route
      component={[Function]}
      path="/resourcetypes"
    />
    <Route
      component={[Function]}
      path="/create-tickets"
    />
    <Route
      component={[Function]}
      path="/create-parts"
    />
    <Route
      component=""
      path="/create-resources"
    />
    <Route
      component={[Function]}
      path="/create-resourcetypes"
    />
    <Route
      component={[Function]}
    />
  </Switch>
</main>
`;
