// Jest Snapshot v1, https://goo.gl/fbAQLP

exports[`NotFound should match the snapshot 1`] = `
<section
  className="not-found-wrapper"
>
  <div
    id="not-found-shade"
  >
    <p
      id="not-found-text"
    >
      <span>
        404
      </span>
      We are sorry but the page is not found
    </p>
  </div>
</section>
`;
