// Jest Snapshot v1, https://goo.gl/fbAQLP

exports[`App should match the snapshot 1`] = `
<main
  className="route-main"
>
  <Nav />
  <Switch>
    <Route
      exact={true}
      path="/"
      render={[Function]}
    />
    <Route
      component={[Function]}
      path="/tickets"
    />
    <Route
      component={[Function]}
      path="/resources"
    />
    <Route
      component={[Function]}
      path="/login"
    />
    <Route
      component={
        Object {
          "$$typeof": Symbol(react.memo),
          "WrappedComponent": [Function],
          "compare": null,
          "displayName": "Connect(CreateUser)",
          "type": [Function],
        }
      }
      path="/create-user"
    />
    <Route
      component={
        Object {
          "$$typeof": Symbol(react.memo),
          "WrappedComponent": [Function],
          "compare": null,
          "displayName": "Connect(TicketForm)",
          "type": [Function],
        }
      }
      path="/create-ticket"
    />
    <Route
      component={[Function]}
      path="resource/part"
    />
    <Route
      component={[Function]}
    />
  </Switch>
</main>
`;
