// Jest Snapshot v1, https://goo.gl/fbAQLP

exports[`App should match the snapshot 1`] = `
<main>
  <Nav />
  <Switch>
    <Route
      component={[Function]}
      exact={true}
      path="/"
    />
    <Route
      component={[Function]}
      path="/Assets"
    />
    <Route
      component={[Function]}
      path="/task"
    />
    <Route
      component={[Function]}
      path="/login"
    />
    <Route
      component={[Function]}
    />
  </Switch>
   */
  <Connect(TicketForm) />
</main>
`;
