// Jest Snapshot v1, https://goo.gl/fbAQLP

exports[`TicketDashboard should match the snapshot 1`] = `
<main>
  <section>
    <header>
      <img
        alt="logo"
        src="logo.svg"
      />
      <p>
        Edit 
        <code>
          src/App.js
        </code>
         and save to reload.
      </p>
      <a
        href="https://reactjs.org"
        rel="noopener noreferrer"
        target="_blank"
      >
        Learn React
      </a>
    </header>
  </section>
</main>
`;
