// Jest Snapshot v1, https://goo.gl/fbAQLP

exports[`Loading should match the snapshot 1`] = `
<section
  className="loading-container"
>
  <h4>
    Loading···
  </h4>
  <div
    className="loading-bar"
  />
  <div
    className="loading-bar"
  />
  <div
    className="loading-bar"
  />
</section>
`;
